// Jest Snapshot v1, https://goo.gl/fbAQLP

exports[`TodoList renders the component correctly with todos 1`] = `
Object {
  "act": [Function],
  "unmount": [Function],
}
`;
